<!DOCTYPE html>
<html lang="en">
<head>
	<meta charset="UTF-8">
	<title>Document</title>
	<style type="text/css">body{color:#fff;}a{color:#fea;}</style>
</head>
<body>
	<h1>Hello World</h1>
	<p><a href="#">hello world</a></p>
</body>
</html>